// Jest Snapshot v1, https://goo.gl/fbAQLP

exports[`Testing the Layout of AppToaster Check if the layout is matching with the snapshots for Arabic language 1`] = `
<DocumentFragment>
  <div
    data-testid="Apptoaster-outer-container"
  >
    <div
      class="Toastify"
    />
  </div>
</DocumentFragment>
`;

exports[`Testing the Layout of AppToaster Check if the layout is matching with the snapshots for English language 1`] = `
<DocumentFragment>
  <div
    data-testid="Apptoaster-outer-container"
  >
    <div
      class="Toastify"
    />
  </div>
</DocumentFragment>
`;
