// Jest Snapshot v1, https://goo.gl/fbAQLP

exports[`Testing the Layouts of AuthorizationPage Check if it renders properly if there is no error in URL 1`] = `
<DocumentFragment>
  <div>
    <div
      class="flex flex-col justify-center items-center pt-32"
      data-testid="DownloadResult-Outer-Container"
    >
      <div
        class="flex justify-center items-center"
        data-testid="SpinningLoader-Container"
      >
        <div
          aria-busy="true"
          aria-label="oval-loading"
          class="sc-beySPh gZmPOF"
          data-testid="oval-loading"
          role="progressbar"
        >
          <svg
            data-testid="oval-svg"
            height="80"
            stroke="var(--iw-color-spinningLoaderPrimary)"
            viewBox="-20.5 -20.5 43 43"
            width="80"
            xmlns="http://www.w3.org/2000/svg"
          >
            <g
              fill="none"
              fill-rule="evenodd"
            >
              <g
                data-testid="oval-secondary-group"
                stroke-width="3"
                transform="translate(1 1)"
              >
                <circle
                  cx="0"
                  cy="0"
                  r="20"
                  stroke="var(--iw-color-spinningLoaderSecondary)"
                  stroke-opacity=".5"
                  stroke-width="3"
                />
                <path
                  d="M20 0c0-9.94-8.06-20-20-20"
                >
                  <animatetransform
                    attributeName="transform"
                    dur="1s"
                    from="0 0 0"
                    repeatCount="indefinite"
                    to="360 0 0"
                    type="rotate"
                  />
                </path>
              </g>
            </g>
          </svg>
        </div>
      </div>
      <div
        class="my-4"
        data-testid="DownloadResult-Title-Container"
      >
        <p
          class="font-bold"
          data-testid="DownloadResult-Title"
        />
      </div>
    </div>
  </div>
</DocumentFragment>
`;

exports[`Testing the Layouts of AuthorizationPage Check if it shows error messages if error in URL 1`] = `
<DocumentFragment>
  <div>
    <div
      class="flex flex-col justify-center items-center pt-32"
      data-testid="DownloadResult-Outer-Container"
    >
      <div
        class="rounded-full p-2 shadow bg-white"
      >
        <div
          class="rounded-full p-8 bg-iw-shieldErrorShadow"
        >
          <svg
            color="var(--iw-color-shieldErrorIcon)"
            data-testid="DownloadResult-Error-ShieldIcon"
            fill="currentColor"
            height="40"
            stroke="currentColor"
            stroke-width="0"
            viewBox="0 0 16 16"
            width="40"
            xmlns="http://www.w3.org/2000/svg"
          >
            <path
              d="M8 0c-.69 0-1.843.265-2.928.56-1.11.3-2.229.655-2.887.87a1.54 1.54 0 0 0-1.044 1.262c-.596 4.477.787 7.795 2.465 9.99a11.8 11.8 0 0 0 2.517 2.453c.386.273.744.482 1.048.625.28.132.581.24.829.24s.548-.108.829-.24a7 7 0 0 0 1.048-.625 11.8 11.8 0 0 0 2.517-2.453c1.678-2.195 3.061-5.513 2.465-9.99a1.54 1.54 0 0 0-1.044-1.263 63 63 0 0 0-2.887-.87C9.843.266 8.69 0 8 0M6.854 5.146 8 6.293l1.146-1.147a.5.5 0 1 1 .708.708L8.707 7l1.147 1.146a.5.5 0 0 1-.708.708L8 7.707 6.854 8.854a.5.5 0 1 1-.708-.708L7.293 7 6.146 5.854a.5.5 0 1 1 .708-.708"
            />
          </svg>
        </div>
      </div>
      <div
        class="my-4"
        data-testid="DownloadResult-Title-Container"
      >
        <p
          class="font-bold"
          data-testid="DownloadResult-Title"
        >
          error.code.some_error
        </p>
      </div>
      <div
        class="mb-6 px-10 text-center"
        data-testid="DownloadResult-SubTitle-Container"
      >
        <p
          data-testid="DownloadResult-SubTitle"
        >
          error.message.some_error
        </p>
      </div>
    </div>
  </div>
</DocumentFragment>
`;
