// Jest Snapshot v1, https://goo.gl/fbAQLP

exports[`Testing the Layout of HelpPage Check if the layout is matching with the snapshots 1`] = `
<DocumentFragment>
  <div
    class="bg-iw-background pb-28"
    data-testid="Help-Page-Container"
  >
    <div
      class="bg-gradient-to-r from-iw-lightPrimary to-iw-lightSecondary text-iw-title p-4 py-10"
      data-testid="NavBar-Outer-Container"
    >
      <nav
        class=" mx-auto flex flex-col justify-start container items-start sm:flex-row sm:justify-start sm:items-center"
        data-testid="NavBar-Inner-Container"
      >
        <div
          class="flex items-center my-5 sm:my-0"
        >
          <div
            class="cursor-pointer"
          >
            <svg
              data-testid="NavBar-Back-Arrow"
              fill="currentColor"
              height="24"
              stroke="currentColor"
              stroke-width="0"
              viewBox="0 0 512 512"
              width="24"
              xmlns="http://www.w3.org/2000/svg"
            >
              <path
                d="M244 400 100 256l144-144M120 256h292"
                fill="none"
                stroke-linecap="round"
                stroke-linejoin="round"
                stroke-width="48"
              />
            </svg>
          </div>
          <span
            class="text-2xl font-semibold ps-2 pe-4 md:whitespace-nowrap whitespace-wrap"
            data-testid="NavBar-Text"
          >
            Help
          </span>
        </div>
      </nav>
    </div>
    <div
      class="container mx-auto mt-8 px-10 sm:px-0 "
    >
      <div
        data-testid="Help-Accordion-Container"
      >
        <div
          class="rounded-md mb-2 shadow-sm shadow-iw-shadow"
          data-testid="Help-Item-Container"
        >
          <button
            class="w-full p-5 text-left font-bold hover:bg-iw-helpAccordionHover focus:outline-none"
            data-testid="Help-Item-Title-Button"
          >
            <div
              class="flex flex-row text-iw-title"
              data-testid="Help-Item-Title-Text"
            >
              Who are issuers?
              <div
                class="flex items-center ms-auto"
              >
                <svg
                  data-testid="Help-Item-UpArrow"
                  fill="currentColor"
                  height="20"
                  stroke="currentColor"
                  stroke-width="0"
                  viewBox="0 0 512 512"
                  width="20"
                  xmlns="http://www.w3.org/2000/svg"
                >
                  <path
                    d="M256 217.9L383 345c9.4 9.4 24.6 9.4 33.9 0 9.4-9.4 9.3-24.6 0-34L273 167c-9.1-9.1-23.7-9.3-33.1-.7L95 310.9c-4.7 4.7-7 10.9-7 17s2.3 12.3 7 17c9.4 9.4 24.6 9.4 33.9 0l127.1-127z"
                  />
                </svg>
              </div>
            </div>
          </button>
          <div
            class="p-5 bg-iw-background border-t-2"
            data-testid="Help-Item-Content-Text"
          >
            <p
              class="text-iw-title"
            >
              Issuers are either governmental bodies or entities trusted by the government, responsible for providing verifiable credentials in PDF format to residents upon request.
            </p>
          </div>
        </div>
        <div
          class="rounded-md mb-2 shadow-sm shadow-iw-shadow"
          data-testid="Help-Item-Container"
        >
          <button
            class="w-full p-5 text-left font-bold hover:bg-iw-helpAccordionHover focus:outline-none"
            data-testid="Help-Item-Title-Button"
          >
            <div
              class="flex flex-row text-iw-title"
              data-testid="Help-Item-Title-Text"
            >
              What are verifiable credentials?
              <div
                class="flex items-center ms-auto"
              >
                <svg
                  data-testid="Help-Item-DownArrow"
                  fill="currentColor"
                  height="20"
                  stroke="currentColor"
                  stroke-width="0"
                  viewBox="0 0 512 512"
                  width="20"
                  xmlns="http://www.w3.org/2000/svg"
                >
                  <path
                    d="M256 294.1L383 167c9.4-9.4 24.6-9.4 33.9 0s9.3 24.6 0 34L273 345c-9.1 9.1-23.7 9.3-33.1.7L95 201.1c-4.7-4.7-7-10.9-7-17s2.3-12.3 7-17c9.4-9.4 24.6-9.4 33.9 0l127.1 127z"
                  />
                </svg>
              </div>
            </div>
          </button>
        </div>
        <div
          class="rounded-md mb-2 shadow-sm shadow-iw-shadow"
          data-testid="Help-Item-Container"
        >
          <button
            class="w-full p-5 text-left font-bold hover:bg-iw-helpAccordionHover focus:outline-none"
            data-testid="Help-Item-Title-Button"
          >
            <div
              class="flex flex-row text-iw-title"
              data-testid="Help-Item-Title-Text"
            >
              How can I download a credential in Inji Wallet?
              <div
                class="flex items-center ms-auto"
              >
                <svg
                  data-testid="Help-Item-DownArrow"
                  fill="currentColor"
                  height="20"
                  stroke="currentColor"
                  stroke-width="0"
                  viewBox="0 0 512 512"
                  width="20"
                  xmlns="http://www.w3.org/2000/svg"
                >
                  <path
                    d="M256 294.1L383 167c9.4-9.4 24.6-9.4 33.9 0s9.3 24.6 0 34L273 345c-9.1 9.1-23.7 9.3-33.1.7L95 201.1c-4.7-4.7-7-10.9-7-17s2.3-12.3 7-17c9.4-9.4 24.6-9.4 33.9 0l127.1 127z"
                  />
                </svg>
              </div>
            </div>
          </button>
        </div>
        <div
          class="rounded-md mb-2 shadow-sm shadow-iw-shadow"
          data-testid="Help-Item-Container"
        >
          <button
            class="w-full p-5 text-left font-bold hover:bg-iw-helpAccordionHover focus:outline-none"
            data-testid="Help-Item-Title-Button"
          >
            <div
              class="flex flex-row text-iw-title"
              data-testid="Help-Item-Title-Text"
            >
              What details I need to provide to download my credential?
              <div
                class="flex items-center ms-auto"
              >
                <svg
                  data-testid="Help-Item-DownArrow"
                  fill="currentColor"
                  height="20"
                  stroke="currentColor"
                  stroke-width="0"
                  viewBox="0 0 512 512"
                  width="20"
                  xmlns="http://www.w3.org/2000/svg"
                >
                  <path
                    d="M256 294.1L383 167c9.4-9.4 24.6-9.4 33.9 0s9.3 24.6 0 34L273 345c-9.1 9.1-23.7 9.3-33.1.7L95 201.1c-4.7-4.7-7-10.9-7-17s2.3-12.3 7-17c9.4-9.4 24.6-9.4 33.9 0l127.1 127z"
                  />
                </svg>
              </div>
            </div>
          </button>
        </div>
        <div
          class="rounded-md mb-2 shadow-sm shadow-iw-shadow"
          data-testid="Help-Item-Container"
        >
          <button
            class="w-full p-5 text-left font-bold hover:bg-iw-helpAccordionHover focus:outline-none"
            data-testid="Help-Item-Title-Button"
          >
            <div
              class="flex flex-row text-iw-title"
              data-testid="Help-Item-Title-Text"
            >
              Where can I find my credential?
              <div
                class="flex items-center ms-auto"
              >
                <svg
                  data-testid="Help-Item-DownArrow"
                  fill="currentColor"
                  height="20"
                  stroke="currentColor"
                  stroke-width="0"
                  viewBox="0 0 512 512"
                  width="20"
                  xmlns="http://www.w3.org/2000/svg"
                >
                  <path
                    d="M256 294.1L383 167c9.4-9.4 24.6-9.4 33.9 0s9.3 24.6 0 34L273 345c-9.1 9.1-23.7 9.3-33.1.7L95 201.1c-4.7-4.7-7-10.9-7-17s2.3-12.3 7-17c9.4-9.4 24.6-9.4 33.9 0l127.1 127z"
                  />
                </svg>
              </div>
            </div>
          </button>
        </div>
        <div
          class="rounded-md mb-2 shadow-sm shadow-iw-shadow"
          data-testid="Help-Item-Container"
        >
          <button
            class="w-full p-5 text-left font-bold hover:bg-iw-helpAccordionHover focus:outline-none"
            data-testid="Help-Item-Title-Button"
          >
            <div
              class="flex flex-row text-iw-title"
              data-testid="Help-Item-Title-Text"
            >
              What details are present in the PDF credential?
              <div
                class="flex items-center ms-auto"
              >
                <svg
                  data-testid="Help-Item-DownArrow"
                  fill="currentColor"
                  height="20"
                  stroke="currentColor"
                  stroke-width="0"
                  viewBox="0 0 512 512"
                  width="20"
                  xmlns="http://www.w3.org/2000/svg"
                >
                  <path
                    d="M256 294.1L383 167c9.4-9.4 24.6-9.4 33.9 0s9.3 24.6 0 34L273 345c-9.1 9.1-23.7 9.3-33.1.7L95 201.1c-4.7-4.7-7-10.9-7-17s2.3-12.3 7-17c9.4-9.4 24.6-9.4 33.9 0l127.1 127z"
                  />
                </svg>
              </div>
            </div>
          </button>
        </div>
        <div
          class="rounded-md mb-2 shadow-sm shadow-iw-shadow"
          data-testid="Help-Item-Container"
        >
          <button
            class="w-full p-5 text-left font-bold hover:bg-iw-helpAccordionHover focus:outline-none"
            data-testid="Help-Item-Title-Button"
          >
            <div
              class="flex flex-row text-iw-title"
              data-testid="Help-Item-Title-Text"
            >
              Why I am not finding the list of issuers?
              <div
                class="flex items-center ms-auto"
              >
                <svg
                  data-testid="Help-Item-DownArrow"
                  fill="currentColor"
                  height="20"
                  stroke="currentColor"
                  stroke-width="0"
                  viewBox="0 0 512 512"
                  width="20"
                  xmlns="http://www.w3.org/2000/svg"
                >
                  <path
                    d="M256 294.1L383 167c9.4-9.4 24.6-9.4 33.9 0s9.3 24.6 0 34L273 345c-9.1 9.1-23.7 9.3-33.1.7L95 201.1c-4.7-4.7-7-10.9-7-17s2.3-12.3 7-17c9.4-9.4 24.6-9.4 33.9 0l127.1 127z"
                  />
                </svg>
              </div>
            </div>
          </button>
        </div>
        <div
          class="rounded-md mb-2 shadow-sm shadow-iw-shadow"
          data-testid="Help-Item-Container"
        >
          <button
            class="w-full p-5 text-left font-bold hover:bg-iw-helpAccordionHover focus:outline-none"
            data-testid="Help-Item-Title-Button"
          >
            <div
              class="flex flex-row text-iw-title"
              data-testid="Help-Item-Title-Text"
            >
              What happens when I generate a Verifiable Credential (VC) in Inji Wallet's Web Interface?
              <div
                class="flex items-center ms-auto"
              >
                <svg
                  data-testid="Help-Item-DownArrow"
                  fill="currentColor"
                  height="20"
                  stroke="currentColor"
                  stroke-width="0"
                  viewBox="0 0 512 512"
                  width="20"
                  xmlns="http://www.w3.org/2000/svg"
                >
                  <path
                    d="M256 294.1L383 167c9.4-9.4 24.6-9.4 33.9 0s9.3 24.6 0 34L273 345c-9.1 9.1-23.7 9.3-33.1.7L95 201.1c-4.7-4.7-7-10.9-7-17s2.3-12.3 7-17c9.4-9.4 24.6-9.4 33.9 0l127.1 127z"
                  />
                </svg>
              </div>
            </div>
          </button>
        </div>
        <div
          class="rounded-md mb-2 shadow-sm shadow-iw-shadow"
          data-testid="Help-Item-Container"
        >
          <button
            class="w-full p-5 text-left font-bold hover:bg-iw-helpAccordionHover focus:outline-none"
            data-testid="Help-Item-Title-Button"
          >
            <div
              class="flex flex-row text-iw-title"
              data-testid="Help-Item-Title-Text"
            >
              What is the role of the QR code in the credential PDF?
              <div
                class="flex items-center ms-auto"
              >
                <svg
                  data-testid="Help-Item-DownArrow"
                  fill="currentColor"
                  height="20"
                  stroke="currentColor"
                  stroke-width="0"
                  viewBox="0 0 512 512"
                  width="20"
                  xmlns="http://www.w3.org/2000/svg"
                >
                  <path
                    d="M256 294.1L383 167c9.4-9.4 24.6-9.4 33.9 0s9.3 24.6 0 34L273 345c-9.1 9.1-23.7 9.3-33.1.7L95 201.1c-4.7-4.7-7-10.9-7-17s2.3-12.3 7-17c9.4-9.4 24.6-9.4 33.9 0l127.1 127z"
                  />
                </svg>
              </div>
            </div>
          </button>
        </div>
        <div
          class="rounded-md mb-2 shadow-sm shadow-iw-shadow"
          data-testid="Help-Item-Container"
        >
          <button
            class="w-full p-5 text-left font-bold hover:bg-iw-helpAccordionHover focus:outline-none"
            data-testid="Help-Item-Title-Button"
          >
            <div
              class="flex flex-row text-iw-title"
              data-testid="Help-Item-Title-Text"
            >
              How does Inji Wallet’s Web Interface ensure my VC is stored securely?
              <div
                class="flex items-center ms-auto"
              >
                <svg
                  data-testid="Help-Item-DownArrow"
                  fill="currentColor"
                  height="20"
                  stroke="currentColor"
                  stroke-width="0"
                  viewBox="0 0 512 512"
                  width="20"
                  xmlns="http://www.w3.org/2000/svg"
                >
                  <path
                    d="M256 294.1L383 167c9.4-9.4 24.6-9.4 33.9 0s9.3 24.6 0 34L273 345c-9.1 9.1-23.7 9.3-33.1.7L95 201.1c-4.7-4.7-7-10.9-7-17s2.3-12.3 7-17c9.4-9.4 24.6-9.4 33.9 0l127.1 127z"
                  />
                </svg>
              </div>
            </div>
          </button>
        </div>
        <div
          class="rounded-md mb-2 shadow-sm shadow-iw-shadow"
          data-testid="Help-Item-Container"
        >
          <button
            class="w-full p-5 text-left font-bold hover:bg-iw-helpAccordionHover focus:outline-none"
            data-testid="Help-Item-Title-Button"
          >
            <div
              class="flex flex-row text-iw-title"
              data-testid="Help-Item-Title-Text"
            >
              How does the online sharing feature work with Inji Verify?
              <div
                class="flex items-center ms-auto"
              >
                <svg
                  data-testid="Help-Item-DownArrow"
                  fill="currentColor"
                  height="20"
                  stroke="currentColor"
                  stroke-width="0"
                  viewBox="0 0 512 512"
                  width="20"
                  xmlns="http://www.w3.org/2000/svg"
                >
                  <path
                    d="M256 294.1L383 167c9.4-9.4 24.6-9.4 33.9 0s9.3 24.6 0 34L273 345c-9.1 9.1-23.7 9.3-33.1.7L95 201.1c-4.7-4.7-7-10.9-7-17s2.3-12.3 7-17c9.4-9.4 24.6-9.4 33.9 0l127.1 127z"
                  />
                </svg>
              </div>
            </div>
          </button>
        </div>
        <div
          class="rounded-md mb-2 shadow-sm shadow-iw-shadow"
          data-testid="Help-Item-Container"
        >
          <button
            class="w-full p-5 text-left font-bold hover:bg-iw-helpAccordionHover focus:outline-none"
            data-testid="Help-Item-Title-Button"
          >
            <div
              class="flex flex-row text-iw-title"
              data-testid="Help-Item-Title-Text"
            >
              Why embed a URL in the QR code instead of full VC data?
              <div
                class="flex items-center ms-auto"
              >
                <svg
                  data-testid="Help-Item-DownArrow"
                  fill="currentColor"
                  height="20"
                  stroke="currentColor"
                  stroke-width="0"
                  viewBox="0 0 512 512"
                  width="20"
                  xmlns="http://www.w3.org/2000/svg"
                >
                  <path
                    d="M256 294.1L383 167c9.4-9.4 24.6-9.4 33.9 0s9.3 24.6 0 34L273 345c-9.1 9.1-23.7 9.3-33.1.7L95 201.1c-4.7-4.7-7-10.9-7-17s2.3-12.3 7-17c9.4-9.4 24.6-9.4 33.9 0l127.1 127z"
                  />
                </svg>
              </div>
            </div>
          </button>
        </div>
        <div
          class="rounded-md mb-2 shadow-sm shadow-iw-shadow"
          data-testid="Help-Item-Container"
        >
          <button
            class="w-full p-5 text-left font-bold hover:bg-iw-helpAccordionHover focus:outline-none"
            data-testid="Help-Item-Title-Button"
          >
            <div
              class="flex flex-row text-iw-title"
              data-testid="Help-Item-Title-Text"
            >
              Can I share my VC both online and offline?
              <div
                class="flex items-center ms-auto"
              >
                <svg
                  data-testid="Help-Item-DownArrow"
                  fill="currentColor"
                  height="20"
                  stroke="currentColor"
                  stroke-width="0"
                  viewBox="0 0 512 512"
                  width="20"
                  xmlns="http://www.w3.org/2000/svg"
                >
                  <path
                    d="M256 294.1L383 167c9.4-9.4 24.6-9.4 33.9 0s9.3 24.6 0 34L273 345c-9.1 9.1-23.7 9.3-33.1.7L95 201.1c-4.7-4.7-7-10.9-7-17s2.3-12.3 7-17c9.4-9.4 24.6-9.4 33.9 0l127.1 127z"
                  />
                </svg>
              </div>
            </div>
          </button>
        </div>
        <div
          class="rounded-md mb-2 shadow-sm shadow-iw-shadow"
          data-testid="Help-Item-Container"
        >
          <button
            class="w-full p-5 text-left font-bold hover:bg-iw-helpAccordionHover focus:outline-none"
            data-testid="Help-Item-Title-Button"
          >
            <div
              class="flex flex-row text-iw-title"
              data-testid="Help-Item-Title-Text"
            >
              How does Inji Wallet verify and authorize the verifier during online sharing?
              <div
                class="flex items-center ms-auto"
              >
                <svg
                  data-testid="Help-Item-DownArrow"
                  fill="currentColor"
                  height="20"
                  stroke="currentColor"
                  stroke-width="0"
                  viewBox="0 0 512 512"
                  width="20"
                  xmlns="http://www.w3.org/2000/svg"
                >
                  <path
                    d="M256 294.1L383 167c9.4-9.4 24.6-9.4 33.9 0s9.3 24.6 0 34L273 345c-9.1 9.1-23.7 9.3-33.1.7L95 201.1c-4.7-4.7-7-10.9-7-17s2.3-12.3 7-17c9.4-9.4 24.6-9.4 33.9 0l127.1 127z"
                  />
                </svg>
              </div>
            </div>
          </button>
        </div>
        <div
          class="rounded-md mb-2 shadow-sm shadow-iw-shadow"
          data-testid="Help-Item-Container"
        >
          <button
            class="w-full p-5 text-left font-bold hover:bg-iw-helpAccordionHover focus:outline-none"
            data-testid="Help-Item-Title-Button"
          >
            <div
              class="flex flex-row text-iw-title"
              data-testid="Help-Item-Title-Text"
            >
              What is OpenID4VP, and how is it used in Inji Wallet?
              <div
                class="flex items-center ms-auto"
              >
                <svg
                  data-testid="Help-Item-DownArrow"
                  fill="currentColor"
                  height="20"
                  stroke="currentColor"
                  stroke-width="0"
                  viewBox="0 0 512 512"
                  width="20"
                  xmlns="http://www.w3.org/2000/svg"
                >
                  <path
                    d="M256 294.1L383 167c9.4-9.4 24.6-9.4 33.9 0s9.3 24.6 0 34L273 345c-9.1 9.1-23.7 9.3-33.1.7L95 201.1c-4.7-4.7-7-10.9-7-17s2.3-12.3 7-17c9.4-9.4 24.6-9.4 33.9 0l127.1 127z"
                  />
                </svg>
              </div>
            </div>
          </button>
        </div>
        <div
          class="rounded-md mb-2 shadow-sm shadow-iw-shadow"
          data-testid="Help-Item-Container"
        >
          <button
            class="w-full p-5 text-left font-bold hover:bg-iw-helpAccordionHover focus:outline-none"
            data-testid="Help-Item-Title-Button"
          >
            <div
              class="flex flex-row text-iw-title"
              data-testid="Help-Item-Title-Text"
            >
              How do I know my VC was securely shared using Inji Wallet??
              <div
                class="flex items-center ms-auto"
              >
                <svg
                  data-testid="Help-Item-DownArrow"
                  fill="currentColor"
                  height="20"
                  stroke="currentColor"
                  stroke-width="0"
                  viewBox="0 0 512 512"
                  width="20"
                  xmlns="http://www.w3.org/2000/svg"
                >
                  <path
                    d="M256 294.1L383 167c9.4-9.4 24.6-9.4 33.9 0s9.3 24.6 0 34L273 345c-9.1 9.1-23.7 9.3-33.1.7L95 201.1c-4.7-4.7-7-10.9-7-17s2.3-12.3 7-17c9.4-9.4 24.6-9.4 33.9 0l127.1 127z"
                  />
                </svg>
              </div>
            </div>
          </button>
        </div>
        <div
          class="rounded-md mb-2 shadow-sm shadow-iw-shadow"
          data-testid="Help-Item-Container"
        >
          <button
            class="w-full p-5 text-left font-bold hover:bg-iw-helpAccordionHover focus:outline-none"
            data-testid="Help-Item-Title-Button"
          >
            <div
              class="flex flex-row text-iw-title"
              data-testid="Help-Item-Title-Text"
            >
              What happens if the QR code is scanned on a different device than where the VC was generated?
              <div
                class="flex items-center ms-auto"
              >
                <svg
                  data-testid="Help-Item-DownArrow"
                  fill="currentColor"
                  height="20"
                  stroke="currentColor"
                  stroke-width="0"
                  viewBox="0 0 512 512"
                  width="20"
                  xmlns="http://www.w3.org/2000/svg"
                >
                  <path
                    d="M256 294.1L383 167c9.4-9.4 24.6-9.4 33.9 0s9.3 24.6 0 34L273 345c-9.1 9.1-23.7 9.3-33.1.7L95 201.1c-4.7-4.7-7-10.9-7-17s2.3-12.3 7-17c9.4-9.4 24.6-9.4 33.9 0l127.1 127z"
                  />
                </svg>
              </div>
            </div>
          </button>
        </div>
        <div
          class="rounded-md mb-2 shadow-sm shadow-iw-shadow"
          data-testid="Help-Item-Container"
        >
          <button
            class="w-full p-5 text-left font-bold hover:bg-iw-helpAccordionHover focus:outline-none"
            data-testid="Help-Item-Title-Button"
          >
            <div
              class="flex flex-row text-iw-title"
              data-testid="Help-Item-Title-Text"
            >
              Can Inji Wallet support different QR code formats?
              <div
                class="flex items-center ms-auto"
              >
                <svg
                  data-testid="Help-Item-DownArrow"
                  fill="currentColor"
                  height="20"
                  stroke="currentColor"
                  stroke-width="0"
                  viewBox="0 0 512 512"
                  width="20"
                  xmlns="http://www.w3.org/2000/svg"
                >
                  <path
                    d="M256 294.1L383 167c9.4-9.4 24.6-9.4 33.9 0s9.3 24.6 0 34L273 345c-9.1 9.1-23.7 9.3-33.1.7L95 201.1c-4.7-4.7-7-10.9-7-17s2.3-12.3 7-17c9.4-9.4 24.6-9.4 33.9 0l127.1 127z"
                  />
                </svg>
              </div>
            </div>
          </button>
        </div>
        <div
          class="rounded-md mb-2 shadow-sm shadow-iw-shadow"
          data-testid="Help-Item-Container"
        >
          <button
            class="w-full p-5 text-left font-bold hover:bg-iw-helpAccordionHover focus:outline-none"
            data-testid="Help-Item-Title-Button"
          >
            <div
              class="flex flex-row text-iw-title"
              data-testid="Help-Item-Title-Text"
            >
              How does Inji Wallet handle credential verification after sharing?
              <div
                class="flex items-center ms-auto"
              >
                <svg
                  data-testid="Help-Item-DownArrow"
                  fill="currentColor"
                  height="20"
                  stroke="currentColor"
                  stroke-width="0"
                  viewBox="0 0 512 512"
                  width="20"
                  xmlns="http://www.w3.org/2000/svg"
                >
                  <path
                    d="M256 294.1L383 167c9.4-9.4 24.6-9.4 33.9 0s9.3 24.6 0 34L273 345c-9.1 9.1-23.7 9.3-33.1.7L95 201.1c-4.7-4.7-7-10.9-7-17s2.3-12.3 7-17c9.4-9.4 24.6-9.4 33.9 0l127.1 127z"
                  />
                </svg>
              </div>
            </div>
          </button>
        </div>
        <div
          class="rounded-md mb-2 shadow-sm shadow-iw-shadow"
          data-testid="Help-Item-Container"
        >
          <button
            class="w-full p-5 text-left font-bold hover:bg-iw-helpAccordionHover focus:outline-none"
            data-testid="Help-Item-Title-Button"
          >
            <div
              class="flex flex-row text-iw-title"
              data-testid="Help-Item-Title-Text"
            >
              What kind of credential issuers are supported?
              <div
                class="flex items-center ms-auto"
              >
                <svg
                  data-testid="Help-Item-DownArrow"
                  fill="currentColor"
                  height="20"
                  stroke="currentColor"
                  stroke-width="0"
                  viewBox="0 0 512 512"
                  width="20"
                  xmlns="http://www.w3.org/2000/svg"
                >
                  <path
                    d="M256 294.1L383 167c9.4-9.4 24.6-9.4 33.9 0s9.3 24.6 0 34L273 345c-9.1 9.1-23.7 9.3-33.1.7L95 201.1c-4.7-4.7-7-10.9-7-17s2.3-12.3 7-17c9.4-9.4 24.6-9.4 33.9 0l127.1 127z"
                  />
                </svg>
              </div>
            </div>
          </button>
        </div>
        <div
          class="rounded-md mb-2 shadow-sm shadow-iw-shadow"
          data-testid="Help-Item-Container"
        >
          <button
            class="w-full p-5 text-left font-bold hover:bg-iw-helpAccordionHover focus:outline-none"
            data-testid="Help-Item-Title-Button"
          >
            <div
              class="flex flex-row text-iw-title"
              data-testid="Help-Item-Title-Text"
            >
              Where can I find more detailed information about the features introduced in this release?
              <div
                class="flex items-center ms-auto"
              >
                <svg
                  data-testid="Help-Item-DownArrow"
                  fill="currentColor"
                  height="20"
                  stroke="currentColor"
                  stroke-width="0"
                  viewBox="0 0 512 512"
                  width="20"
                  xmlns="http://www.w3.org/2000/svg"
                >
                  <path
                    d="M256 294.1L383 167c9.4-9.4 24.6-9.4 33.9 0s9.3 24.6 0 34L273 345c-9.1 9.1-23.7 9.3-33.1.7L95 201.1c-4.7-4.7-7-10.9-7-17s2.3-12.3 7-17c9.4-9.4 24.6-9.4 33.9 0l127.1 127z"
                  />
                </svg>
              </div>
            </div>
          </button>
        </div>
        <div
          class="rounded-md mb-2 shadow-sm shadow-iw-shadow"
          data-testid="Help-Item-Container"
        >
          <button
            class="w-full p-5 text-left font-bold hover:bg-iw-helpAccordionHover focus:outline-none"
            data-testid="Help-Item-Title-Button"
          >
            <div
              class="flex flex-row text-iw-title"
              data-testid="Help-Item-Title-Text"
            >
              How do I get started with the online sharing feature in Inji Wallet?
              <div
                class="flex items-center ms-auto"
              >
                <svg
                  data-testid="Help-Item-DownArrow"
                  fill="currentColor"
                  height="20"
                  stroke="currentColor"
                  stroke-width="0"
                  viewBox="0 0 512 512"
                  width="20"
                  xmlns="http://www.w3.org/2000/svg"
                >
                  <path
                    d="M256 294.1L383 167c9.4-9.4 24.6-9.4 33.9 0s9.3 24.6 0 34L273 345c-9.1 9.1-23.7 9.3-33.1.7L95 201.1c-4.7-4.7-7-10.9-7-17s2.3-12.3 7-17c9.4-9.4 24.6-9.4 33.9 0l127.1 127z"
                  />
                </svg>
              </div>
            </div>
          </button>
        </div>
        <div
          class="rounded-md mb-2 shadow-sm shadow-iw-shadow"
          data-testid="Help-Item-Container"
        >
          <button
            class="w-full p-5 text-left font-bold hover:bg-iw-helpAccordionHover focus:outline-none"
            data-testid="Help-Item-Title-Button"
          >
            <div
              class="flex flex-row text-iw-title"
              data-testid="Help-Item-Title-Text"
            >
              How can I toggle between embedded VC and Online Sharing in Inji Wallet?
              <div
                class="flex items-center ms-auto"
              >
                <svg
                  data-testid="Help-Item-DownArrow"
                  fill="currentColor"
                  height="20"
                  stroke="currentColor"
                  stroke-width="0"
                  viewBox="0 0 512 512"
                  width="20"
                  xmlns="http://www.w3.org/2000/svg"
                >
                  <path
                    d="M256 294.1L383 167c9.4-9.4 24.6-9.4 33.9 0s9.3 24.6 0 34L273 345c-9.1 9.1-23.7 9.3-33.1.7L95 201.1c-4.7-4.7-7-10.9-7-17s2.3-12.3 7-17c9.4-9.4 24.6-9.4 33.9 0l127.1 127z"
                  />
                </svg>
              </div>
            </div>
          </button>
        </div>
      </div>
    </div>
  </div>
</DocumentFragment>
`;
