// Jest Snapshot v1, https://goo.gl/fbAQLP

exports[`Testing the Functionality of RedirectionPage Check if DownloadResult component shows loading state 1`] = `
<DocumentFragment>
  <div
    data-testid="Redirection-Page-Container"
  >
    <div
      class="bg-gradient-to-r from-iw-lightPrimary to-iw-lightSecondary text-iw-title p-4 py-10"
      data-testid="NavBar-Outer-Container"
    >
      <nav
        class=" mx-auto flex flex-col justify-start container items-start sm:flex-row sm:justify-start sm:items-center"
        data-testid="NavBar-Inner-Container"
      >
        <div
          class="flex items-center my-5 sm:my-0"
        >
          <div
            class="cursor-pointer"
          >
            <svg
              data-testid="NavBar-Back-Arrow"
              fill="currentColor"
              height="24"
              stroke="currentColor"
              stroke-width="0"
              viewBox="0 0 512 512"
              width="24"
              xmlns="http://www.w3.org/2000/svg"
            >
              <path
                d="M244 400 100 256l144-144M120 256h292"
                fill="none"
                stroke-linecap="round"
                stroke-linejoin="round"
                stroke-width="48"
              />
            </svg>
          </div>
          <span
            class="text-2xl font-semibold ps-2 pe-4 md:whitespace-nowrap whitespace-wrap"
            data-testid="NavBar-Text"
          />
        </div>
      </nav>
    </div>
    <div
      class="flex flex-col justify-center items-center pt-32 "
      data-testid="DownloadResult-Outer-Container"
    >
      <div
        class="flex justify-center items-center"
        data-testid="SpinningLoader-Container"
      >
        <div
          aria-busy="true"
          aria-label="oval-loading"
          class="sc-beySPh gZmPOF"
          data-testid="oval-loading"
          role="progressbar"
        >
          <svg
            data-testid="oval-svg"
            height="80"
            stroke="var(--iw-color-spinningLoaderPrimary)"
            viewBox="-20.5 -20.5 43 43"
            width="80"
            xmlns="http://www.w3.org/2000/svg"
          >
            <g
              fill="none"
              fill-rule="evenodd"
            >
              <g
                data-testid="oval-secondary-group"
                stroke-width="3"
                transform="translate(1 1)"
              >
                <circle
                  cx="0"
                  cy="0"
                  r="20"
                  stroke="var(--iw-color-spinningLoaderSecondary)"
                  stroke-opacity=".5"
                  stroke-width="3"
                />
                <path
                  d="M20 0c0-9.94-8.06-20-20-20"
                >
                  <animatetransform
                    attributeName="transform"
                    dur="1s"
                    from="0 0 0"
                    repeatCount="indefinite"
                    to="360 0 0"
                    type="rotate"
                  />
                </path>
              </g>
            </g>
          </svg>
        </div>
      </div>
      <div
        class="my-4"
      >
        <p
          class="font-bold"
          data-testid="DownloadResult-Title"
        >
          Download in progress...
        </p>
      </div>
      <div
        class="mb-6 px-10 text-center"
        data-testid="DownloadResult-SubTitle"
      >
        <p>
          Please wait a moment! We're converting your verifiable credentials to PDF
        </p>
      </div>
    </div>
  </div>
</DocumentFragment>
`;

exports[`Testing the Functionality of RedirectionPage Check if DownloadResult component shows success state 1`] = `
<DocumentFragment>
  <div
    data-testid="Redirection-Page-Container"
  >
    <div
      class="bg-gradient-to-r from-iw-lightPrimary to-iw-lightSecondary text-iw-title p-4 py-10"
      data-testid="NavBar-Outer-Container"
    >
      <nav
        class=" mx-auto flex flex-col justify-start container items-start sm:flex-row sm:justify-start sm:items-center"
        data-testid="NavBar-Inner-Container"
      >
        <div
          class="flex items-center my-5 sm:my-0"
        >
          <div
            class="cursor-pointer"
          >
            <svg
              data-testid="NavBar-Back-Arrow"
              fill="currentColor"
              height="24"
              stroke="currentColor"
              stroke-width="0"
              viewBox="0 0 512 512"
              width="24"
              xmlns="http://www.w3.org/2000/svg"
            >
              <path
                d="M244 400 100 256l144-144M120 256h292"
                fill="none"
                stroke-linecap="round"
                stroke-linejoin="round"
                stroke-width="48"
              />
            </svg>
          </div>
          <span
            class="text-2xl font-semibold ps-2 pe-4 md:whitespace-nowrap whitespace-wrap"
            data-testid="NavBar-Text"
          />
        </div>
      </nav>
    </div>
    <div
      class="flex flex-col justify-center items-center pt-32 "
      data-testid="DownloadResult-Outer-Container"
    >
      <div
        class="flex justify-center items-center"
        data-testid="SpinningLoader-Container"
      >
        <div
          aria-busy="true"
          aria-label="oval-loading"
          class="sc-beySPh gZmPOF"
          data-testid="oval-loading"
          role="progressbar"
        >
          <svg
            data-testid="oval-svg"
            height="80"
            stroke="var(--iw-color-spinningLoaderPrimary)"
            viewBox="-20.5 -20.5 43 43"
            width="80"
            xmlns="http://www.w3.org/2000/svg"
          >
            <g
              fill="none"
              fill-rule="evenodd"
            >
              <g
                data-testid="oval-secondary-group"
                stroke-width="3"
                transform="translate(1 1)"
              >
                <circle
                  cx="0"
                  cy="0"
                  r="20"
                  stroke="var(--iw-color-spinningLoaderSecondary)"
                  stroke-opacity=".5"
                  stroke-width="3"
                />
                <path
                  d="M20 0c0-9.94-8.06-20-20-20"
                >
                  <animatetransform
                    attributeName="transform"
                    dur="1s"
                    from="0 0 0"
                    repeatCount="indefinite"
                    to="360 0 0"
                    type="rotate"
                  />
                </path>
              </g>
            </g>
          </svg>
        </div>
      </div>
      <div
        class="my-4"
      >
        <p
          class="font-bold"
          data-testid="DownloadResult-Title"
        >
          Download in progress...
        </p>
      </div>
      <div
        class="mb-6 px-10 text-center"
        data-testid="DownloadResult-SubTitle"
      >
        <p>
          Please wait a moment! We're converting your verifiable credentials to PDF
        </p>
      </div>
    </div>
  </div>
</DocumentFragment>
`;

exports[`Testing the Functionality of RedirectionPage Check if NavBar component is rendered 1`] = `
<DocumentFragment>
  <div
    data-testid="Redirection-Page-Container"
  >
    <div
      class="bg-gradient-to-r from-iw-lightPrimary to-iw-lightSecondary text-iw-title p-4 py-10"
      data-testid="NavBar-Outer-Container"
    >
      <nav
        class=" mx-auto flex flex-col justify-start container items-start sm:flex-row sm:justify-start sm:items-center"
        data-testid="NavBar-Inner-Container"
      >
        <div
          class="flex items-center my-5 sm:my-0"
        >
          <div
            class="cursor-pointer"
          >
            <svg
              data-testid="NavBar-Back-Arrow"
              fill="currentColor"
              height="24"
              stroke="currentColor"
              stroke-width="0"
              viewBox="0 0 512 512"
              width="24"
              xmlns="http://www.w3.org/2000/svg"
            >
              <path
                d="M244 400 100 256l144-144M120 256h292"
                fill="none"
                stroke-linecap="round"
                stroke-linejoin="round"
                stroke-width="48"
              />
            </svg>
          </div>
          <span
            class="text-2xl font-semibold ps-2 pe-4 md:whitespace-nowrap whitespace-wrap"
            data-testid="NavBar-Text"
          />
        </div>
      </nav>
    </div>
    <div
      class="flex flex-col justify-center items-center pt-32 "
      data-testid="DownloadResult-Outer-Container"
    >
      <div
        class="flex justify-center items-center"
        data-testid="SpinningLoader-Container"
      >
        <div
          aria-busy="true"
          aria-label="oval-loading"
          class="sc-beySPh gZmPOF"
          data-testid="oval-loading"
          role="progressbar"
        >
          <svg
            data-testid="oval-svg"
            height="80"
            stroke="var(--iw-color-spinningLoaderPrimary)"
            viewBox="-20.5 -20.5 43 43"
            width="80"
            xmlns="http://www.w3.org/2000/svg"
          >
            <g
              fill="none"
              fill-rule="evenodd"
            >
              <g
                data-testid="oval-secondary-group"
                stroke-width="3"
                transform="translate(1 1)"
              >
                <circle
                  cx="0"
                  cy="0"
                  r="20"
                  stroke="var(--iw-color-spinningLoaderSecondary)"
                  stroke-opacity=".5"
                  stroke-width="3"
                />
                <path
                  d="M20 0c0-9.94-8.06-20-20-20"
                >
                  <animatetransform
                    attributeName="transform"
                    dur="1s"
                    from="0 0 0"
                    repeatCount="indefinite"
                    to="360 0 0"
                    type="rotate"
                  />
                </path>
              </g>
            </g>
          </svg>
        </div>
      </div>
      <div
        class="my-4"
      >
        <p
          class="font-bold"
          data-testid="DownloadResult-Title"
        >
          Download in progress...
        </p>
      </div>
      <div
        class="mb-6 px-10 text-center"
        data-testid="DownloadResult-SubTitle"
      >
        <p>
          Please wait a moment! We're converting your verifiable credentials to PDF
        </p>
      </div>
    </div>
  </div>
</DocumentFragment>
`;

exports[`Testing the Functionality of RedirectionPage Check if it displays error message if state is ERROR 1`] = `
<DocumentFragment>
  <div
    data-testid="Redirection-Page-Container"
  >
    <div
      class="bg-gradient-to-r from-iw-lightPrimary to-iw-lightSecondary text-iw-title p-4 py-10"
      data-testid="NavBar-Outer-Container"
    >
      <nav
        class=" mx-auto flex flex-col justify-start container items-start sm:flex-row sm:justify-start sm:items-center"
        data-testid="NavBar-Inner-Container"
      >
        <div
          class="flex items-center my-5 sm:my-0"
        >
          <div
            class="cursor-pointer"
          >
            <svg
              data-testid="NavBar-Back-Arrow"
              fill="currentColor"
              height="24"
              stroke="currentColor"
              stroke-width="0"
              viewBox="0 0 512 512"
              width="24"
              xmlns="http://www.w3.org/2000/svg"
            >
              <path
                d="M244 400 100 256l144-144M120 256h292"
                fill="none"
                stroke-linecap="round"
                stroke-linejoin="round"
                stroke-width="48"
              />
            </svg>
          </div>
          <span
            class="text-2xl font-semibold ps-2 pe-4 md:whitespace-nowrap whitespace-wrap"
            data-testid="NavBar-Text"
          />
        </div>
      </nav>
    </div>
    <div
      class="flex flex-col justify-center items-center pt-32 "
      data-testid="DownloadResult-Outer-Container"
    >
      <div
        class="flex justify-center items-center"
        data-testid="SpinningLoader-Container"
      >
        <div
          aria-busy="true"
          aria-label="oval-loading"
          class="sc-beySPh gZmPOF"
          data-testid="oval-loading"
          role="progressbar"
        >
          <svg
            data-testid="oval-svg"
            height="80"
            stroke="var(--iw-color-spinningLoaderPrimary)"
            viewBox="-20.5 -20.5 43 43"
            width="80"
            xmlns="http://www.w3.org/2000/svg"
          >
            <g
              fill="none"
              fill-rule="evenodd"
            >
              <g
                data-testid="oval-secondary-group"
                stroke-width="3"
                transform="translate(1 1)"
              >
                <circle
                  cx="0"
                  cy="0"
                  r="20"
                  stroke="var(--iw-color-spinningLoaderSecondary)"
                  stroke-opacity=".5"
                  stroke-width="3"
                />
                <path
                  d="M20 0c0-9.94-8.06-20-20-20"
                >
                  <animatetransform
                    attributeName="transform"
                    dur="1s"
                    from="0 0 0"
                    repeatCount="indefinite"
                    to="360 0 0"
                    type="rotate"
                  />
                </path>
              </g>
            </g>
          </svg>
        </div>
      </div>
      <div
        class="my-4"
      >
        <p
          class="font-bold"
          data-testid="DownloadResult-Title"
        >
          Download in progress...
        </p>
      </div>
      <div
        class="mb-6 px-10 text-center"
        data-testid="DownloadResult-SubTitle"
      >
        <p>
          Please wait a moment! We're converting your verifiable credentials to PDF
        </p>
      </div>
    </div>
  </div>
</DocumentFragment>
`;

exports[`Testing the Layout of RedirectionPage Check if the layout is matching with the snapshots 1`] = `
<DocumentFragment>
  <div
    data-testid="Redirection-Page-Container"
  >
    <div
      class="bg-gradient-to-r from-iw-lightPrimary to-iw-lightSecondary text-iw-title p-4 py-10"
      data-testid="NavBar-Outer-Container"
    >
      <nav
        class=" mx-auto flex flex-col justify-start container items-start sm:flex-row sm:justify-start sm:items-center"
        data-testid="NavBar-Inner-Container"
      >
        <div
          class="flex items-center my-5 sm:my-0"
        >
          <div
            class="cursor-pointer"
          >
            <svg
              data-testid="NavBar-Back-Arrow"
              fill="currentColor"
              height="24"
              stroke="currentColor"
              stroke-width="0"
              viewBox="0 0 512 512"
              width="24"
              xmlns="http://www.w3.org/2000/svg"
            >
              <path
                d="M244 400 100 256l144-144M120 256h292"
                fill="none"
                stroke-linecap="round"
                stroke-linejoin="round"
                stroke-width="48"
              />
            </svg>
          </div>
          <span
            class="text-2xl font-semibold ps-2 pe-4 md:whitespace-nowrap whitespace-wrap"
            data-testid="NavBar-Text"
          />
        </div>
      </nav>
    </div>
    <div
      class="flex flex-col justify-center items-center pt-32 "
      data-testid="DownloadResult-Outer-Container"
    >
      <div
        class="flex justify-center items-center"
        data-testid="SpinningLoader-Container"
      >
        <div
          aria-busy="true"
          aria-label="oval-loading"
          class="sc-beySPh gZmPOF"
          data-testid="oval-loading"
          role="progressbar"
        >
          <svg
            data-testid="oval-svg"
            height="80"
            stroke="var(--iw-color-spinningLoaderPrimary)"
            viewBox="-20.5 -20.5 43 43"
            width="80"
            xmlns="http://www.w3.org/2000/svg"
          >
            <g
              fill="none"
              fill-rule="evenodd"
            >
              <g
                data-testid="oval-secondary-group"
                stroke-width="3"
                transform="translate(1 1)"
              >
                <circle
                  cx="0"
                  cy="0"
                  r="20"
                  stroke="var(--iw-color-spinningLoaderSecondary)"
                  stroke-opacity=".5"
                  stroke-width="3"
                />
                <path
                  d="M20 0c0-9.94-8.06-20-20-20"
                >
                  <animatetransform
                    attributeName="transform"
                    dur="1s"
                    from="0 0 0"
                    repeatCount="indefinite"
                    to="360 0 0"
                    type="rotate"
                  />
                </path>
              </g>
            </g>
          </svg>
        </div>
      </div>
      <div
        class="my-4"
      >
        <p
          class="font-bold"
          data-testid="DownloadResult-Title"
        >
          Download in progress...
        </p>
      </div>
      <div
        class="mb-6 px-10 text-center"
        data-testid="DownloadResult-SubTitle"
      >
        <p>
          Please wait a moment! We're converting your verifiable credentials to PDF
        </p>
      </div>
    </div>
  </div>
</DocumentFragment>
`;
