// Jest Snapshot v1, https://goo.gl/fbAQLP

exports[`Testing the Layout of IssuersList Check whether it renders empty issuers list 1`] = `
<DocumentFragment>
  <div
    class=" flex flex-col items-center justify-center"
    data-testid="Issuers-List-Container"
  >
    <div
      class="font-bold text-iw-title mt-8 text-xl flex"
      data-testid="HeaderTile-Text"
    >
      List of Issuers
    </div>
    <div
      class="text-iw-subTitle text-md mb-8 mt-2 flex"
      data-testid="HeaderTile-Text-SubContent"
    >
      Search for your trusted issuer and choose a credential type in the next step.
    </div>
    <div
      class="flex justify-center items-center w-full mx-auto bg-iw-background my-auto flex-col h-72 shadow-md shadow-iw-shadow border-t-iw-shadow px-10"
      data-testid="EmptyList-Outer-Container"
    >
      <p
        class="text-center text-light-title dark:text-dark-title"
        data-testid="EmptyList-Text"
      >
        No issuers found. Please refresh your browser window or try again later
      </p>
    </div>
  </div>
</DocumentFragment>
`;

exports[`Testing the Layout of IssuersList Check whether it renders error state 1`] = `
<DocumentFragment>
  <div
    class=" flex flex-col items-center justify-center"
    data-testid="Issuers-List-Container"
  >
    <div
      class="font-bold text-iw-title mt-8 text-xl flex"
      data-testid="HeaderTile-Text"
    >
      List of Issuers
    </div>
    <div
      class="text-iw-subTitle text-md mb-8 mt-2 flex"
      data-testid="HeaderTile-Text-SubContent"
    >
      Search for your trusted issuer and choose a credential type in the next step.
    </div>
    <div
      class="flex justify-center items-center w-full mx-auto bg-iw-background my-auto flex-col h-72 shadow-md shadow-iw-shadow border-t-iw-shadow px-10"
      data-testid="EmptyList-Outer-Container"
    >
      <p
        class="text-center text-light-title dark:text-dark-title"
        data-testid="EmptyList-Text"
      >
        No issuers found. Please refresh your browser window or try again later
      </p>
    </div>
  </div>
</DocumentFragment>
`;

exports[`Testing the Layout of IssuersList Check whether it renders issuers list properly 1`] = `
<DocumentFragment>
  <div
    class=" flex flex-col items-center justify-center"
    data-testid="Issuers-List-Container"
  >
    <div
      class="font-bold text-iw-title mt-8 text-xl flex"
      data-testid="HeaderTile-Text"
    >
      List of Issuers
    </div>
    <div
      class="text-iw-subTitle text-md mb-8 mt-2 flex"
      data-testid="HeaderTile-Text-SubContent"
    >
      Search for your trusted issuer and choose a credential type in the next step.
    </div>
    <div
      class="flex justify-center items-center w-full mx-auto bg-iw-background my-auto flex-col h-72 shadow-md shadow-iw-shadow border-t-iw-shadow px-10"
      data-testid="EmptyList-Outer-Container"
    >
      <p
        class="text-center text-light-title dark:text-dark-title"
        data-testid="EmptyList-Text"
      >
        No issuers found. Please refresh your browser window or try again later
      </p>
    </div>
  </div>
</DocumentFragment>
`;

exports[`Testing the Layout of IssuersList Check whether it renders loading state 1`] = `
<DocumentFragment>
  <svg
    height="0"
    width="0"
  >
    <lineargradient
      id="blue-gradient-AAAAAAAAAAAAAAAAAAAAAAAAAAAAAAAAAAAAAAAAAAA"
      x1="0%"
      x2="100%"
      y1="0%"
      y2="100%"
    >
      <stop
        offset="0%"
        stop-color="var(--iw-color-primary)"
      />
      <stop
        offset="100%"
        stop-color="var(--iw-color-secondary)"
      />
    </lineargradient>
  </svg>
  <div
    class="flex justify-center items-center"
    data-testid="SpinningLoader-Container"
  >
    <div
      aria-busy="true"
      aria-label="oval-loading"
      class="sc-beySPh gZmPOF"
      data-testid="oval-loading"
      role="progressbar"
    >
      <svg
        data-testid="oval-svg"
        height="80"
        stroke="var(--iw-color-spinningLoaderPrimary)"
        viewBox="-20.5 -20.5 43 43"
        width="80"
        xmlns="http://www.w3.org/2000/svg"
      >
        <g
          fill="none"
          fill-rule="evenodd"
        >
          <g
            data-testid="oval-secondary-group"
            stroke-width="3"
            transform="translate(1 1)"
          >
            <circle
              cx="0"
              cy="0"
              r="20"
              stroke="var(--iw-color-spinningLoaderSecondary)"
              stroke-opacity=".5"
              stroke-width="3"
            />
            <path
              d="M20 0c0-9.94-8.06-20-20-20"
            >
              <animatetransform
                attributeName="transform"
                dur="1s"
                from="0 0 0"
                repeatCount="indefinite"
                to="360 0 0"
                type="rotate"
              />
            </path>
          </g>
        </g>
      </svg>
    </div>
  </div>
</DocumentFragment>
`;
