// Jest Snapshot v1, https://goo.gl/fbAQLP

exports[`Testing the layout of SearchIssuer Check if the layout is matching with the snapshots 1`] = `
<DocumentFragment>
  <div
    class="flex flex-col justify-center items-center w-full"
  >
    <div
      class="w-full sm:w-4/4 md:w-3/4 flex justify-start items-center bg-iw-background shadow-iw rounded-lg"
      data-testid="Search-Issuer-Container"
    >
      <svg
        class="m-2 sm:m-3 md:m-4 lg:m-5"
        color="var(--iw-color-searchIcon)"
        data-testid="Search-Issuer-Search-Icon"
        fill="currentColor"
        height="20"
        stroke="currentColor"
        stroke-width="0"
        viewBox="0 0 512 512"
        width="20"
        xmlns="http://www.w3.org/2000/svg"
      >
        <path
          d="M505 442.7L405.3 343c-4.5-4.5-10.6-7-17-7H372c27.6-35.3 44-79.7 44-128C416 93.1 322.9 0 208 0S0 93.1 0 208s93.1 208 208 208c48.3 0 92.7-16.4 128-44v16.3c0 6.4 2.5 12.5 7 17l99.7 99.7c9.4 9.4 24.6 9.4 33.9 0l28.3-28.3c9.4-9.4 9.4-24.6.1-34zM208 336c-70.7 0-128-57.2-128-128 0-70.7 57.2-128 128-128 70.7 0 128 57.2 128 128 0 70.7-57.2 128-128 128z"
        />
      </svg>
      <input
        class="py-2 sm:py-3 md:py-4 lg:py-6 w-3/4 sm:w-11/12 text-iw-searchTitle focus:outline-none overflow-ellipsis ml-0 mr-2 sm:mr-3 md:mr-4 lg:mr-10"
        data-testid="Search-Issuer-Input"
        placeholder="Search Issuers by name"
        type="text"
        value=""
      />
    </div>
    <div
      class="text-left w-full sm:w-4/4 md:w-3/4 mt-3"
      data-testid="Search-Issuer-HelperAndError-Text"
    >
      <p
        class="text-iw-closeIcon text-sm-plus"
      >
        Search by issuer name using letters, numbers, hyphens (-), underscores (_) or brackets ( ) only.
      </p>
    </div>
  </div>
</DocumentFragment>
`;
