// Jest Snapshot v1, https://goo.gl/fbAQLP

exports[`CredentialTypesPage matches snapshot after data loads 1`] = `
<DocumentFragment>
  <div
    class="container mx-auto sm:px-2 md:px-4 lg:px-6 py-6 flex flex-col relative gap-4 sm:gap-6 md:gap-10 lg:gap-12 ml-4 sm:ml-0 h-screen"
    data-testid="credential-types-page-container"
  >
    <div
      class="flex flex-col lg:flex-row justify-between items-start gap-4 sm:gap-2"
    >
      <div
        class="flex items-start"
      >
        <div
          class="flex items-start"
        >
          <svg
            class="mr-2 cursor-pointer"
            data-testid="back-arrow-icon"
            fill="none"
            height="29"
            viewBox="0 0 24 18"
            width="29"
            xmlns="http://www.w3.org/2000/svg"
          >
            <path
              d="M20 11H7.83l5.59-5.59L12 4l-8 8 8 8 1.41-1.41L7.83 13H20v-2z"
              fill="#000000"
            />
          </svg>
        </div>
        <div
          class="flex flex-col items-start"
        >
          <span
            class="text-2xl font-medium"
            data-testid="Stored-Credentials"
          />
          <button
            class="text-xs sm:text-sm text-iw-secondary cursor-pointer hover:underline "
            data-testid="btn-home"
          >
            Common:home
          </button>
        </div>
      </div>
      <div>
        <div
          class="flex items-center w-full justify-start sm:justify-end my-5 sm:my-0"
          data-testid="NavBar-Search-Container"
        >
          <div
            class="w-full sm:w-96 flex justify-center items-center bg-iw-background shadow-iw rounded-md"
            data-testid="Search-Issuer-Container"
          >
            <svg
              class="m-5"
              color="var(--iw-color-searchIcon)"
              data-testid="NavBar-Search-Icon"
              fill="currentColor"
              height="22"
              stroke="currentColor"
              stroke-width="0"
              viewBox="0 0 512 512"
              width="22"
              xmlns="http://www.w3.org/2000/svg"
            >
              <path
                d="M505 442.7L405.3 343c-4.5-4.5-10.6-7-17-7H372c27.6-35.3 44-79.7 44-128C416 93.1 322.9 0 208 0S0 93.1 0 208s93.1 208 208 208c48.3 0 92.7-16.4 128-44v16.3c0 6.4 2.5 12.5 7 17l99.7 99.7c9.4 9.4 24.6 9.4 33.9 0l28.3-28.3c9.4-9.4 9.4-24.6.1-34zM208 336c-70.7 0-128-57.2-128-128 0-70.7 57.2-128 128-128 70.7 0 128 57.2 128 128 0 70.7-57.2 128-128 128z"
              />
            </svg>
            <input
              class="py-6 w-11/12 flex text-iw-searchTitle focus:outline-none overflow-ellipsis mr-10"
              data-testid="NavBar-Search-Input"
              placeholder="searchText"
              type="text"
              value=""
            />
          </div>
        </div>
      </div>
    </div>
    <div>
      <div
        data-testid="Credential-List-Container"
      >
        <div
          class="flex justify-center items-center"
          data-testid="SpinningLoader-Container"
        >
          <div
            aria-busy="true"
            aria-label="oval-loading"
            class="sc-beySPh gZmPOF"
            data-testid="oval-loading"
            role="progressbar"
          >
            <svg
              data-testid="oval-svg"
              height="80"
              stroke="var(--iw-color-spinningLoaderPrimary)"
              viewBox="-20.5 -20.5 43 43"
              width="80"
              xmlns="http://www.w3.org/2000/svg"
            >
              <g
                fill="none"
                fill-rule="evenodd"
              >
                <g
                  data-testid="oval-secondary-group"
                  stroke-width="3"
                  transform="translate(1 1)"
                >
                  <circle
                    cx="0"
                    cy="0"
                    r="20"
                    stroke="var(--iw-color-spinningLoaderSecondary)"
                    stroke-opacity=".5"
                    stroke-width="3"
                  />
                  <path
                    d="M20 0c0-9.94-8.06-20-20-20"
                  >
                    <animatetransform
                      attributeName="transform"
                      dur="1s"
                      from="0 0 0"
                      repeatCount="indefinite"
                      to="360 0 0"
                      type="rotate"
                    />
                  </path>
                </g>
              </g>
            </svg>
          </div>
        </div>
      </div>
    </div>
  </div>
</DocumentFragment>
`;
