// Jest Snapshot v1, https://goo.gl/fbAQLP

exports[`VCCardView Component should match snapshot 1`] = `
<div>
  <div
    class="bg-iw-tileBackground grid grid-cols-[auto_auto] items-center shadow hover:shadow-lg hover:scale-105 hover:shadow-iw-selectedShadow p-4 m-2 rounded-md cursor-pointer"
    data-testid="vc-card-view"
    role="menuitem"
    tabindex="0"
  >
    <div
      class="flex items-center gap-6"
    >
      <img
        alt="Credential Type Logo"
        class="w-20 h-20"
        data-testid="issuer-logo"
        src="logo1.png"
      />
      <span
        class="text-sm font-semibold text-iw-title"
        data-testid="credential-type-display-name"
      >
        Drivers License
      </span>
    </div>
    <div
      class="flex flex-row gap-2"
    >
      <img
        alt="icon-download"
        class="h-25 w-25"
        data-testid="icon-download"
        src="Download.svg"
      />
      <svg
        color="#707070"
        fill="none"
        height="20"
        stroke="currentColor"
        stroke-width="0"
        style="color: rgb(112, 112, 112);"
        viewBox="0 0 15 15"
        width="20"
        xmlns="http://www.w3.org/2000/svg"
      >
        <path
          clip-rule="evenodd"
          d="M3.625 7.5C3.625 8.12132 3.12132 8.625 2.5 8.625C1.87868 8.625 1.375 8.12132 1.375 7.5C1.375 6.87868 1.87868 6.375 2.5 6.375C3.12132 6.375 3.625 6.87868 3.625 7.5ZM8.625 7.5C8.625 8.12132 8.12132 8.625 7.5 8.625C6.87868 8.625 6.375 8.12132 6.375 7.5C6.375 6.87868 6.87868 6.375 7.5 6.375C8.12132 6.375 8.625 6.87868 8.625 7.5ZM12.5 8.625C13.1213 8.625 13.625 8.12132 13.625 7.5C13.625 6.87868 13.1213 6.375 12.5 6.375C11.8787 6.375 11.375 6.87868 11.375 7.5C11.375 8.12132 11.8787 8.625 12.5 8.625Z"
          fill="currentColor"
          fill-rule="evenodd"
        />
      </svg>
    </div>
  </div>
</div>
`;
