// Jest Snapshot v1, https://goo.gl/fbAQLP

exports[`ResponsiveIconButtonWithText Component matches snapshot with default props 1`] = `
<DocumentFragment>
  <div
    class="flex items-center space-x-2 w-full"
  >
    <span
      class=" w-full"
      data-testid="small-device-view"
    >
      <div
        class="w-full"
      >
        <button
          class="w-full bg-iw-primary text-center items-center text-iw-text font-bold text-sm px-6 py-3 rounded-lg shadow text-white mr-1 hover:shadow-lg cursor-pointer  bg-gradient-to-r from-iw-primary to-iw-secondary sm:hidden"
          data-testid="btn-responsive-button"
        >
          <div
            class="flex items-center justify-center gap-1.5"
          >
            <span>
              <div
                data-testid="test-icon"
              >
                Icon
              </div>
            </span>
            <span>
              Download
            </span>
          </div>
        </button>
      </div>
    </span>
    <div
      class="hidden sm:flex items-center space-x-2"
      data-testid="non-small-device-view"
    >
      <div
        class="rounded-xl bg-gradient-to-r from-iw-primary to-iw-secondary p-[2px] transition-all duration-200 ease-in-out"
      >
        <button
          aria-label="Gradient Icon Button"
          class="flex items-center justify-center w-10 h-10 rounded-xl shadow border-none bg-[#FBF2EF] transition-all duration-200 ease-in-out "
          data-testid="btn-responsive-button"
        >
          <div
            data-testid="test-icon"
          >
            Icon
          </div>
        </button>
      </div>
    </div>
  </div>
</DocumentFragment>
`;
