// Jest Snapshot v1, https://goo.gl/fbAQLP

exports[`EllipsisMenu Component renders correctly and matches snapshot 1`] = `
<DocumentFragment>
  <div
    class="relative inline-block text-left"
    data-testid="test-view-menu"
  >
    <button
      class="p-2 hover:bg-gray-100"
      data-testid="icon-test-view-menu"
    >
      <span
        data-testid="trigger-menu"
      >
        ...
      </span>
    </button>
  </div>
</DocumentFragment>
`;
