// Jest Snapshot v1, https://goo.gl/fbAQLP

exports[`FlatList Component should match the snapshot 1`] = `
<DocumentFragment>
  <div
    class="grid grid-cols-1 sm:grid-cols-2 md:grid-cols-2 lg:grid-cols-3 w-full gap-1"
    data-testid="flatlist"
  >
    <div>
      Item 1
    </div>
    <div>
      Item 2
    </div>
    <div>
      Item 3
    </div>
  </div>
</DocumentFragment>
`;
