// Jest Snapshot v1, https://goo.gl/fbAQLP

exports[`Testing the Layout of HeaderTile Check if the layout is matching with the snapshots 1`] = `
<DocumentFragment>
  <div
    class="text-center font-bold text-iw-title mt-8 text-xl flex"
    data-testid="HeaderTile-Text"
  >
    No Issuers Found
  </div>
  <div
    class="text-center text-iw-subTitle text-md mb-8 mt-2 flex"
    data-testid="HeaderTile-Text-SubContent"
  >
    No Issuers Found
  </div>
</DocumentFragment>
`;
