// Jest Snapshot v1, https://goo.gl/fbAQLP

exports[`Testing the Layout of IntroBox Check if the layout is matching with the snapshots 1`] = `
<DocumentFragment>
  <div
    class="text-center pb-10"
    data-testid="IntroBox-Container"
  >
    <h2
      class="text-lg sm:text-xl lg:text-2xl font-medium text-iw-title "
      data-testid="IntroBox-Text"
    >
      Intro.title 
      <span
        class="bg-gradient-to-r from-iw-primary to-iw-secondary bg-clip-text text-md font-bold text-transparent"
      >
        Intro.title2
      </span>
    </h2>
    <p
      class="mt-2 sm:text-md lg:text-lg font-small text-iw-subTitle"
      data-testid="IntroBox-SubText"
    >
      Intro.subTitle
    </p>
  </div>
</DocumentFragment>
`;
