// Jest Snapshot v1, https://goo.gl/fbAQLP

exports[`Testing the Layouts of ItemBox Check if the layout is matching with the snapshots 1`] = `
<DocumentFragment>
  <div
    class="bg-white w-full h-full flex flex-col shadow-iw hover:shadow-iw-hover hover:scale-105 transition-all duration-300 p-5 rounded-lg cursor-pointer items-center"
    data-testid="ItemBox-Outer-Container-1"
    role="menuitem"
    tabindex="0"
  >
    <img
      alt="Issuer Logo"
      class="w-20 h-20 object-contain mb-4"
      data-testid="ItemBox-Logo"
      src="/"
    />
    <div
      class="flex flex-col items-center"
    >
      <h3
        class="text-sm font-semibold text-gray-800 text-center w-[150px] min-h-[40px] break-words"
        data-testid="ItemBox-Text"
      >
        TitleOfItemBox
      </h3>
    </div>
  </div>
</DocumentFragment>
`;
