// Jest Snapshot v1, https://goo.gl/fbAQLP

exports[`PageTitle Component should match snapshot 1`] = `
<DocumentFragment>
  <span
    class="text-2xl font-medium"
    data-testid="title-test-page"
  >
    Test Page Title
  </span>
</DocumentFragment>
`;
