// Jest Snapshot v1, https://goo.gl/fbAQLP

exports[`Testing the Layout of Credentials Check if the layout is matching with the snapshots 1`] = `
<DocumentFragment>
  <div
    class="bg-iw-tileBackground w-48 h-48 flex flex-col shadow hover:shadow-lg hover:scale-105 hover:shadow-iw-selectedShadow p-5 m-4 rounded-md cursor-pointer items-center"
    data-testid="ItemBox-Outer-Container-1"
    role="menuitem"
    tabindex="0"
  >
    <img
      alt="Issuer Logo"
      class="w-20 h-20 items-center justify-center me-4 flex"
      data-testid="ItemBox-Logo"
      src="https://url.com"
    />
    <div
      class="flex justify-center items-center pt-4"
    >
      <h3
        class="flex text-sm font-semibold text-iw-title text-center"
        data-testid="ItemBox-Text"
      >
        Name
      </h3>
    </div>
  </div>
</DocumentFragment>
`;
