// Jest Snapshot v1, https://goo.gl/fbAQLP

exports[`Testing the Layout of CredentialList Layouts Check if the layout is matching with the snapshots in Error state 1`] = `
<DocumentFragment>
  <div>
    <div
      class="font-bold text-iw-title mt-8 text-xl flex"
      data-testid="HeaderTile-Text"
    >
      List of Credential Types
    </div>
    <div
      class="text-iw-subTitle text-md mb-8 mt-2 flex"
      data-testid="HeaderTile-Text-SubContent"
    >
      Choose a credential, and confirm your identity in the next step.
    </div>
    <div
      class="flex justify-center items-center w-full mx-auto bg-iw-background
 my-auto flex-col h-72 shadow-md shadow-iw-shadow border-t-iw-shadow px-10"
      data-testid="EmptyList-Outer-Container"
    >
      <p
        class="text-center text-light-title dark:text-dark-title"
        data-testid="EmptyList-Text"
      >
        No Credentials found. Please refresh your browser window or try again later
      </p>
    </div>
  </div>
</DocumentFragment>
`;

exports[`Testing the Layout of CredentialList Layouts Check if the layout is matching with the snapshots in Loading State 1`] = `
<DocumentFragment>
  <div
    class="flex justify-center items-center"
    data-testid="SpinningLoader-Container"
  >
    <div
      aria-busy="true"
      aria-label="oval-loading"
      class="sc-beySPh gZmPOF"
      data-testid="oval-loading"
      role="progressbar"
    >
      <svg
        data-testid="oval-svg"
        height="80"
        stroke="var(--iw-color-spinningLoaderPrimary)"
        viewBox="-20.5 -20.5 43 43"
        width="80"
        xmlns="http://www.w3.org/2000/svg"
      >
        <g
          fill="none"
          fill-rule="evenodd"
        >
          <g
            data-testid="oval-secondary-group"
            stroke-width="3"
            transform="translate(1 1)"
          >
            <circle
              cx="0"
              cy="0"
              r="20"
              stroke="var(--iw-color-spinningLoaderSecondary)"
              stroke-opacity=".5"
              stroke-width="3"
            />
            <path
              d="M20 0c0-9.94-8.06-20-20-20"
            >
              <animatetransform
                attributeName="transform"
                dur="1s"
                from="0 0 0"
                repeatCount="indefinite"
                to="360 0 0"
                type="rotate"
              />
            </path>
          </g>
        </g>
      </svg>
    </div>
  </div>
</DocumentFragment>
`;

exports[`Testing the Layout of CredentialList Layouts Check if the layout is matching with the snapshots of Empty List 1`] = `
<DocumentFragment>
  <div>
    <div
      class="font-bold text-iw-title mt-8 text-xl flex"
      data-testid="HeaderTile-Text"
    >
      List of Credential Types
    </div>
    <div
      class="text-iw-subTitle text-md mb-8 mt-2 flex"
      data-testid="HeaderTile-Text-SubContent"
    >
      Choose a credential, and confirm your identity in the next step.
    </div>
    <div
      class="flex justify-center items-center w-full mx-auto bg-iw-background
 my-auto flex-col h-72 shadow-md shadow-iw-shadow border-t-iw-shadow px-10"
      data-testid="EmptyList-Outer-Container"
    >
      <p
        class="text-center text-light-title dark:text-dark-title"
        data-testid="EmptyList-Text"
      >
        No Credentials found. Please refresh your browser window or try again later
      </p>
    </div>
  </div>
</DocumentFragment>
`;

exports[`Testing the Layout of CredentialList Layouts Check if the layout is matching with the snapshots of credentials list 1`] = `
<DocumentFragment>
  <div>
    <div
      class="font-bold text-iw-title mt-8 text-xl flex"
      data-testid="HeaderTile-Text"
    >
      List of Credential Types
    </div>
    <div
      class="text-iw-subTitle text-md mb-8 mt-2 flex"
      data-testid="HeaderTile-Text-SubContent"
    >
      Choose a credential, and confirm your identity in the next step.
    </div>
    <div
      class="flex justify-center items-center w-full mx-auto bg-iw-background
 my-auto flex-col h-72 shadow-md shadow-iw-shadow border-t-iw-shadow px-10"
      data-testid="EmptyList-Outer-Container"
    >
      <p
        class="text-center text-light-title dark:text-dark-title"
        data-testid="EmptyList-Text"
      >
        No Credentials found. Please refresh your browser window or try again later
      </p>
    </div>
  </div>
</DocumentFragment>
`;
