// Jest Snapshot v1, https://goo.gl/fbAQLP

exports[`Testing  the Layout of the Expiry Content Check if the layout is matching with the snapshots 1`] = `
<DocumentFragment>
  <div
    class="relative px-6 flex flex-col justify-between border-b border-solid border-iw-borderLight"
    data-testid="DataShareContent-Outer-Container"
  >
    <div
      class="relative flex border-b-2"
    >
      <div
        class="my-4 text-iw-subTitle text-lg w-1/3 leading-relaxed py-5"
        data-testid="DataShareContent-Outer-Title"
      >
        Selected Document
      </div>
      <div
        class="my-4 text-center shadow-md rounded-lg w-2/3 flex flex-row py-5 items-center"
      >
        <div
          class="px-6"
          data-testid="DataShareContent-Issuer-Logo-Container"
        >
          <img
            alt="Issuer Logo"
            class="w-12 h-12 flex"
            data-testid="DataShareContent-Issuer-Logo"
            src="credentialLogo"
          />
        </div>
        <div
          class="text-center text-lg"
          data-testid="DataShareContent-Issuer-Name"
        >
          credentialName
        </div>
      </div>
    </div>
    <div
      class="relative flex"
    >
      <div
        class="my-4 w-1/3 text-iw-subTitle text-lg leading-relaxed py-5"
        data-testid="DataShareContent-Consent-Container"
      >
        Consent Validity *
      </div>
      <div
        class="my-4 w-2/3 flex flex-row py-5 items-center"
      >
        <label
          class="w-1/2 flex items-center"
        >
          <input
            checked=""
            class="accent-iw-primary scale-150 mx-2"
            data-testid="DataShareContent-Consent-Radio"
            name="consentValidity"
            type="radio"
            value="number"
          />
          <span
            class="font-base text-iw-subTitle"
            data-testid="DataShareContent-Consent-Option"
          >
            Number of times
          </span>
        </label>
        <label
          class="w-1/2 flex items-center"
          data-testid="DataShareContent-Validity-Date"
        >
          <div
            class="relative inline-block"
          >
            <input
              class="accent-iw-primary scale-150 mx-2"
              disabled=""
              name="consentValidity"
              type="radio"
              value="date"
            />
            <div
              class="absolute inset-0"
            />
          </div>
          <span
            class="font-light text-iw-subTitle"
            data-testid="DataShareContent-Validity-Date-Title"
          >
            Date
          </span>
        </label>
      </div>
    </div>
    <div
      class="relative flex mb-4"
      data-testid="times-dropdown"
    >
      <div
        class="w-1/3"
      />
      <div
        class="w-2/3 py-4 px-4 rounded-lg border-2 border-iw-borderLight flex flex-row items-center"
      >
        <label
          class="w-full h-full"
          data-testid="DataShareContent-Selected-Validity-Times"
        >
          Once
        </label>
        <svg
          color="var(--iw-color-arrowDown)"
          fill="currentColor"
          height="30"
          stroke="currentColor"
          stroke-width="0"
          viewBox="0 0 24 24"
          width="30"
          xmlns="http://www.w3.org/2000/svg"
        >
          <path
            d="M0 0h24v24H0V0z"
            fill="none"
          />
          <path
            d="M7.41 8.59 12 13.17l4.59-4.58L18 10l-6 6-6-6 1.41-1.41z"
          />
        </svg>
      </div>
    </div>
    <div
      class="flex w-full p-2 rounded-lg border-2 border-iw-shieldLoadingShadow bg-iw-disclaimerBackGround my-8"
      data-testid="DataShareDisclaimer-Outer-Container"
    >
      <div
        class="px-4 text-center text-iw-disclaimerText text-xs"
        data-testid="DataShareDisclaimer-Content"
      >
        Please note that the QR Code can be shared only for the number of times you have chosen here. To use the QR Code for sharing again, you have to download the PDF again.
      </div>
    </div>
  </div>
</DocumentFragment>
`;
