// Jest Snapshot v1, https://goo.gl/fbAQLP

exports[`Testing Layout of the Expiry Footer Check if the layout is matching with the snapshots 1`] = `
<DocumentFragment>
  <div
    class="flex items-center justify-between p-6 rounded-b"
    data-testid="DataShareFooter-Outer-Container"
  >
    <div
      class="w-full"
    >
      <div
        class="bg-gradient-to-r rounded-lg text-center cursor-pointer shadow hover:shadow-lg from-iw-primary to-iw-secondary p-0.5"
      >
        <div
          class="py-2 px-4 rounded-lg bg-white"
        >
          <button
            class="text-iw-tertiary font-bold rounded-lg"
            data-testid="DataShareFooter-Cancel-Button"
          >
            <span
              class="bg-gradient-to-r from-iw-primary to-iw-secondary bg-clip-text text-md font-bold text-transparent"
            >
              cancel
            </span>
          </button>
        </div>
      </div>
    </div>
    <div
      class="w-full"
    >
      <div
        class="w-full bg-iw-primary text-center cursor-pointer items-center text-iw-text font-bold text-sm px-6 py-3 rounded-lg shadow hover:shadow-lg mr-1  bg-gradient-to-r from-iw-primary to-iw-secondary "
      >
        <button
          class="text-white font-bold rounded-lg"
          data-testid="DataShareFooter-Success-Button"
        >
          success
        </button>
      </div>
    </div>
  </div>
</DocumentFragment>
`;
