// Jest Snapshot v1, https://goo.gl/fbAQLP

exports[`Testing the Layout of Faq Accordion Check if the layout is matching with the snapshots 1`] = `
<DocumentFragment>
  <div
    class="w-full rounded-md mb-4 transition-all duration-300 bg-white shadow-[-1px_-0.5px_6px_rgba(0,0,0,0.07),1px_4px_6px_rgba(0,0,0,0.07)]"
    data-testid="Faq-Item-Container"
  >
    <button
      class="w-full px-4 sm:px-6 py-6 sm:py-8 text-left font-semibold text-base sm:text-lg text-iw-title flex justify-between items-center hover:bg-iw-faqAccordionHover hover:rounded-t-md focus:outline-none transition-colors"
      data-testid="Faq-Item-Title-Button"
    >
      <span
        data-testid="Faq-Item-Title-Text"
      >
        FaqTitle
      </span>
      <span
        class="ml-2 sm:ml-4"
      >
        <svg
          class="sm:size-[20px]"
          color="#04051D"
          data-testid="Faq-Item-UpArrow"
          fill="currentColor"
          height="18"
          stroke="currentColor"
          stroke-width="0"
          style="color: rgb(4, 5, 29);"
          viewBox="0 0 512 512"
          width="18"
          xmlns="http://www.w3.org/2000/svg"
        >
          <path
            d="M256 217.9L383 345c9.4 9.4 24.6 9.4 33.9 0 9.4-9.4 9.3-24.6 0-34L273 167c-9.1-9.1-23.7-9.3-33.1-.7L95 310.9c-4.7 4.7-7 10.9-7 17s2.3 12.3 7 17c9.4 9.4 24.6 9.4 33.9 0l127.1-127z"
          />
        </svg>
      </span>
    </button>
    <div
      class="bg-iw-background rounded-b-md"
    >
      <div
        class="px-4 sm:px-6"
      >
        <div
          class="border-t border-gray-200 py-5 sm:py-6 text-sm sm:text-base text-iw-title leading-relaxed"
          data-testid="faq-item-content-text"
        >
          <p
            class="mb-3 last:mb-0"
          >
            FaqContent
          </p>
        </div>
      </div>
    </div>
  </div>
</DocumentFragment>
`;
