// Jest Snapshot v1, https://goo.gl/fbAQLP

exports[`Testing the Layout of DownloadResult for Success Error and Loading Check if the layout is matching with the snapshots for the Error 1`] = `
<DocumentFragment>
  <div
    class="flex flex-col justify-center items-center pt-32"
    data-testid="DownloadResult-Outer-Container"
  >
    <div
      class="rounded-full p-2 shadow bg-white"
    >
      <div
        class="rounded-full p-8 bg-iw-shieldErrorShadow"
      >
        <svg
          color="var(--iw-color-shieldErrorIcon)"
          data-testid="DownloadResult-Error-ShieldIcon"
          fill="currentColor"
          height="40"
          stroke="currentColor"
          stroke-width="0"
          viewBox="0 0 16 16"
          width="40"
          xmlns="http://www.w3.org/2000/svg"
        >
          <path
            d="M8 0c-.69 0-1.843.265-2.928.56-1.11.3-2.229.655-2.887.87a1.54 1.54 0 0 0-1.044 1.262c-.596 4.477.787 7.795 2.465 9.99a11.8 11.8 0 0 0 2.517 2.453c.386.273.744.482 1.048.625.28.132.581.24.829.24s.548-.108.829-.24a7 7 0 0 0 1.048-.625 11.8 11.8 0 0 0 2.517-2.453c1.678-2.195 3.061-5.513 2.465-9.99a1.54 1.54 0 0 0-1.044-1.263 63 63 0 0 0-2.887-.87C9.843.266 8.69 0 8 0M6.854 5.146 8 6.293l1.146-1.147a.5.5 0 1 1 .708.708L8.707 7l1.147 1.146a.5.5 0 0 1-.708.708L8 7.707 6.854 8.854a.5.5 0 1 1-.708-.708L7.293 7 6.146 5.854a.5.5 0 1 1 .708-.708"
          />
        </svg>
      </div>
    </div>
    <div
      class="my-4"
      data-testid="DownloadResult-Title-Container"
    >
      <p
        class="font-bold"
        data-testid="DownloadResult-Title"
      >
        Title
      </p>
    </div>
    <div
      class="mb-6 px-10 text-center"
      data-testid="DownloadResult-SubTitle-Container"
    >
      <p
        data-testid="DownloadResult-SubTitle"
      >
        SubTitle
      </p>
    </div>
    <div
      class=""
    >
      <div
        class="bg-gradient-to-r rounded-lg text-center cursor-pointer shadow hover:shadow-lg from-iw-primary to-iw-secondary p-0.5"
      >
        <div
          class="py-2 px-4 rounded-lg bg-white"
        >
          <button
            class="text-iw-tertiary font-bold rounded-lg"
            data-testid="DownloadResult-Home-Button"
          >
            <span
              class="bg-gradient-to-r from-iw-primary to-iw-secondary bg-clip-text text-md font-bold text-transparent"
            >
              Go To Home
            </span>
          </button>
        </div>
      </div>
    </div>
  </div>
</DocumentFragment>
`;

exports[`Testing the Layout of DownloadResult for Success Error and Loading Check if the layout is matching with the snapshots for the Loading 1`] = `
<DocumentFragment>
  <div
    class="flex flex-col justify-center items-center pt-32"
    data-testid="DownloadResult-Outer-Container"
  >
    <div
      class="flex justify-center items-center"
      data-testid="SpinningLoader-Container"
    >
      <div
        aria-busy="true"
        aria-label="oval-loading"
        class="sc-beySPh gZmPOF"
        data-testid="oval-loading"
        role="progressbar"
      >
        <svg
          data-testid="oval-svg"
          height="80"
          stroke="var(--iw-color-spinningLoaderPrimary)"
          viewBox="-20.5 -20.5 43 43"
          width="80"
          xmlns="http://www.w3.org/2000/svg"
        >
          <g
            fill="none"
            fill-rule="evenodd"
          >
            <g
              data-testid="oval-secondary-group"
              stroke-width="3"
              transform="translate(1 1)"
            >
              <circle
                cx="0"
                cy="0"
                r="20"
                stroke="var(--iw-color-spinningLoaderSecondary)"
                stroke-opacity=".5"
                stroke-width="3"
              />
              <path
                d="M20 0c0-9.94-8.06-20-20-20"
              >
                <animatetransform
                  attributeName="transform"
                  dur="1s"
                  from="0 0 0"
                  repeatCount="indefinite"
                  to="360 0 0"
                  type="rotate"
                />
              </path>
            </g>
          </g>
        </svg>
      </div>
    </div>
    <div
      class="my-4"
      data-testid="DownloadResult-Title-Container"
    >
      <p
        class="font-bold"
        data-testid="DownloadResult-Title"
      >
        Title
      </p>
    </div>
    <div
      class="mb-6 px-10 text-center"
      data-testid="DownloadResult-SubTitle-Container"
    >
      <p
        data-testid="DownloadResult-SubTitle"
      >
        SubTitle
      </p>
    </div>
  </div>
</DocumentFragment>
`;

exports[`Testing the Layout of DownloadResult for Success Error and Loading Check if the layout is matching with the snapshots for the Success 1`] = `
<DocumentFragment>
  <div
    class="flex flex-col justify-center items-center pt-32"
    data-testid="DownloadResult-Outer-Container"
  >
    <div
      class="rounded-full p-2 shadow bg-white"
    >
      <div
        class="rounded-full p-8 bg-iw-shieldSuccessShadow "
      >
        <svg
          color="var(--iw-color-shieldSuccessIcon)"
          data-testid="DownloadResult-Success-ShieldIcon"
          fill="currentColor"
          height="40"
          stroke="currentColor"
          stroke-width="0"
          viewBox="0 0 16 16"
          width="40"
          xmlns="http://www.w3.org/2000/svg"
        >
          <path
            d="M8 0c-.69 0-1.843.265-2.928.56-1.11.3-2.229.655-2.887.87a1.54 1.54 0 0 0-1.044 1.262c-.596 4.477.787 7.795 2.465 9.99a11.8 11.8 0 0 0 2.517 2.453c.386.273.744.482 1.048.625.28.132.581.24.829.24s.548-.108.829-.24a7 7 0 0 0 1.048-.625 11.8 11.8 0 0 0 2.517-2.453c1.678-2.195 3.061-5.513 2.465-9.99a1.54 1.54 0 0 0-1.044-1.263 63 63 0 0 0-2.887-.87C9.843.266 8.69 0 8 0m2.146 5.146a.5.5 0 0 1 .708.708l-3 3a.5.5 0 0 1-.708 0l-1.5-1.5a.5.5 0 1 1 .708-.708L7.5 7.793z"
            fill-rule="evenodd"
          />
        </svg>
      </div>
    </div>
    <div
      class="my-4"
      data-testid="DownloadResult-Title-Container"
    >
      <p
        class="font-bold"
        data-testid="DownloadResult-Title"
      >
        Title
      </p>
    </div>
    <div
      class="mb-6 px-10 text-center"
      data-testid="DownloadResult-SubTitle-Container"
    >
      <p
        data-testid="DownloadResult-SubTitle"
      >
        SubTitle
      </p>
    </div>
    <div
      class=""
    >
      <div
        class="bg-gradient-to-r rounded-lg text-center cursor-pointer shadow hover:shadow-lg from-iw-primary to-iw-secondary p-0.5"
      >
        <div
          class="py-2 px-4 rounded-lg bg-white"
        >
          <button
            class="text-iw-tertiary font-bold rounded-lg"
            data-testid="DownloadResult-Home-Button"
          >
            <span
              class="bg-gradient-to-r from-iw-primary to-iw-secondary bg-clip-text text-md font-bold text-transparent"
            >
              Go To Home
            </span>
          </button>
        </div>
      </div>
    </div>
  </div>
</DocumentFragment>
`;
