// Jest Snapshot v1, https://goo.gl/fbAQLP

exports[`Test the Layout of the Modal Wrapper Snapshot test for ModalWrapper styling 1`] = `
<DocumentFragment>
  <div
    class="fixed inset-0 z-40 overflow-y-auto overflow-x-hidden"
    data-testid="ModalWrapper-Outer-Container"
  >
    <div
      class="min-h-full p-0 flex items-center justify-center"
    >
      <div
        class="w-auto my-8 mx-4 sm:mx-6 max-w-3xl min-w-[320px]"
      >
        <div
          class="border-0 rounded-lg shadow-lg relative flex flex-col w-full bg-iw-background outline-none focus:outline-none"
          data-testid="ModalWrapper-Inner-Container"
        >
          <div
            class="flex items-start justify-between p-5 border-b border-solid rounded-t"
            data-testid="DataShareHeader-Outer-Container"
          >
            <div
              class="flex flex-col"
            >
              <div
                class="text-lg font-semibold"
                data-testid="DataShareHeader-Header-Title"
              >
                 title
              </div>
              <div
                class="text-md text-iw-subTitle"
                data-testid="DataShareHeader-Header-SubTitle"
              >
                 subTitle 
              </div>
            </div>
          </div>
          <div
            class="relative px-6 flex flex-col justify-between border-b border-solid border-iw-borderLight"
            data-testid="DataShareContent-Outer-Container"
          >
            <div
              class="relative flex border-b-2 space-x-2"
            >
              <div
                class="my-4 break-words text-iw-subTitle text-lg w-1/3 leading-relaxed py-5"
                data-testid="DataShareContent-Outer-Title"
              >
                Selected Document
              </div>
              <div
                class="my-4 text-center shadow-md rounded-lg w-2/3 flex flex-row py-5 items-center"
              >
                <div
                  class="px-4"
                  data-testid="DataShareContent-Issuer-Logo-Container"
                >
                  <img
                    alt="Issuer Logo"
                    class="w-12 h-12 min-w-[36px]"
                    data-testid="DataShareContent-Issuer-Logo"
                    src="credentialLogo"
                  />
                </div>
                <div
                  class="text-center text-lg w-full sm:w-auto break-words min-w-[100px]"
                  data-testid="DataShareContent-Issuer-Name"
                >
                  credentialName
                </div>
              </div>
            </div>
            <div
              class="relative flex space-x-10"
            >
              <div
                class="my-4 w-1/3 text-iw-subTitle text-lg leading-relaxed py-5"
                data-testid="DataShareContent-Consent-Container"
              >
                Consent Validity *
              </div>
              <div
                class="my-4 w-2/3 flex flex-row py-5 items-center"
              >
                <label
                  class="w-1/2 flex items-center"
                >
                  <input
                    checked=""
                    class="accent-iw-primary scale-150 mx-2"
                    data-testid="DataShareContent-Consent-Radio"
                    name="consentValidity"
                    type="radio"
                    value="number"
                  />
                  <span
                    class="font-base text-iw-subTitle"
                    data-testid="DataShareContent-Consent-Option"
                  >
                    Number of times
                  </span>
                </label>
                <label
                  class="w-1/2 flex items-center"
                  data-testid="DataShareContent-Validity-Date"
                >
                  <div
                    class="relative inline-block"
                  >
                    <input
                      class="accent-iw-primary scale-150 mx-2"
                      disabled=""
                      name="consentValidity"
                      type="radio"
                      value="date"
                    />
                    <div
                      class="absolute inset-0"
                    />
                  </div>
                  <span
                    class="font-light text-iw-subTitle"
                    data-testid="DataShareContent-Validity-Date-Title"
                  >
                    Date
                  </span>
                </label>
              </div>
            </div>
            <div
              class="relative flex mb-4"
              data-testid="times-dropdown"
            >
              <div
                class="w-1/3"
              />
              <div
                class="w-2/3 py-4 px-4 rounded-lg border-2 border-iw-borderLight flex flex-row items-center"
              >
                <label
                  class="w-full h-full"
                  data-testid="DataShareContent-Selected-Validity-Times"
                >
                  Once
                </label>
                <svg
                  color="var(--iw-color-arrowDown)"
                  fill="currentColor"
                  height="30"
                  stroke="currentColor"
                  stroke-width="0"
                  viewBox="0 0 24 24"
                  width="30"
                  xmlns="http://www.w3.org/2000/svg"
                >
                  <path
                    d="M0 0h24v24H0V0z"
                    fill="none"
                  />
                  <path
                    d="M7.41 8.59 12 13.17l4.59-4.58L18 10l-6 6-6-6 1.41-1.41z"
                  />
                </svg>
              </div>
            </div>
            <div
              class="flex w-full p-2 rounded-lg border-2 border-iw-shieldLoadingShadow bg-iw-disclaimerBackGround my-8"
              data-testid="DataShareDisclaimer-Outer-Container"
            >
              <div
                class="px-4 text-center text-iw-disclaimerText text-xs"
                data-testid="DataShareDisclaimer-Content"
              >
                Please note that the QR Code can be shared only for the number of times you have chosen here. To use the QR Code for sharing again, you have to download the PDF again.
              </div>
            </div>
          </div>
          <div
            class="flex items-center justify-between p-6 rounded-b"
            data-testid="DataShareFooter-Outer-Container"
          >
            <div
              class="w-full"
            >
              <div
                class="bg-gradient-to-r rounded-lg text-center cursor-pointer shadow hover:shadow-lg from-iw-primary to-iw-secondary p-0.5"
              >
                <div
                  class="py-2 px-4 rounded-lg bg-white"
                >
                  <button
                    class="text-iw-tertiary font-bold rounded-lg"
                    data-testid="DataShareFooter-Cancel-Button"
                  >
                    <span
                      class="bg-gradient-to-r from-iw-primary to-iw-secondary bg-clip-text text-md font-bold text-transparent"
                    >
                      cancel
                    </span>
                  </button>
                </div>
              </div>
            </div>
            <div
              class="w-full"
            >
              <div
                class="w-full bg-iw-primary text-center cursor-pointer items-center text-iw-text ml-2 font-bold text-sm px-6 py-3 rounded-lg shadow hover:shadow-lg mr-1 bg-gradient-to-r from-iw-primary to-iw-secondary"
              >
                <button
                  class="text-white font-bold rounded-lg"
                  data-testid="DataShareFooter-Success-Button"
                >
                  success
                </button>
              </div>
            </div>
          </div>
        </div>
      </div>
    </div>
  </div>
  <div
    class="opacity-25 fixed inset-0 z-30 bg-iw-backDrop"
    data-testid="ModalWrapper-BackDrop"
  />
</DocumentFragment>
`;
