// Jest Snapshot v1, https://goo.gl/fbAQLP

exports[`PasscodePageTemplate Component matches snapshot 1`] = `
<DocumentFragment>
  <div
    class="fixed inset-0 backdrop-blur-sm bg-black bg-opacity-40 flex flex-col items-center justify-center z-50 h-screen"
    data-testid="test-page"
  >
    <div
      class="rounded-2xl bg-white flex flex-col items-center justify-start relative w-[90%] sm:w-[85%] md:w-[90%] h-fit overflow-y-auto shadow-iw-pin-page-container"
    >
      <div
        class="overflow-hidden absolute inset-0 z-0 flex items-center justify-center pointer-events-none"
        data-testid="backdrop-test"
      >
        <div
          class="absolute top-[116px]"
          style="top: 116px;"
        >
          <div
            class="absolute rounded-full border overflow-hidden"
            data-testid="backdrop-test-circle-0"
            style="width: 96px; height: 96px; border-width: 1px; border-color: rgba(228, 231, 236, 0.8); top: calc(50% - 48px); left: calc(50% - 48px);"
          />
          <div
            class="absolute rounded-full border overflow-hidden"
            data-testid="backdrop-test-circle-1"
            style="width: 192px; height: 192px; border-width: 1px; border-color: rgba(228, 231, 236, 0.7000000000000001); top: calc(50% - 96px); left: calc(50% - 96px);"
          />
          <div
            class="absolute rounded-full border overflow-hidden"
            data-testid="backdrop-test-circle-2"
            style="width: 288px; height: 288px; border-width: 1px; border-color: rgba(228, 231, 236, 0.6000000000000001); top: calc(50% - 144px); left: calc(50% - 144px);"
          />
          <div
            class="absolute rounded-full border overflow-hidden"
            data-testid="backdrop-test-circle-3"
            style="width: 384px; height: 384px; border-width: 1px; border-color: rgba(228, 231, 236, 0.5); top: calc(50% - 192px); left: calc(50% - 192px);"
          />
          <div
            class="absolute rounded-full border overflow-hidden"
            data-testid="backdrop-test-circle-4"
            style="width: 480px; height: 480px; border-width: 1px; border-color: rgba(228, 231, 236, 0.4); top: calc(50% - 240px); left: calc(50% - 240px);"
          />
          <div
            class="absolute rounded-full border overflow-hidden"
            data-testid="backdrop-test-circle-5"
            style="width: 576px; height: 576px; border-width: 1px; border-color: rgba(228, 231, 236, 0.30000000000000004); top: calc(50% - 288px); left: calc(50% - 288px);"
          />
          <div
            class="flex items-center justify-center"
            data-testid="logo-inji-web-container"
          >
            <img
              alt="Inji Web Logo"
              data-testid="logo-inji-web"
              src="Logomark.png"
            />
          </div>
        </div>
      </div>
      <div
        class="flex flex-col items-center justify-start w-full mt-[180px] sm:mt-[200px] relative z-10 pb-0 sm:pb-8"
      >
        <div
          class="text-center space-y-5 relative w-full max-w-[500px] px-4 sm:px-0"
        >
          <h1
            class="text-2xl-plus font-semibold text-iw-darkGrayishBlue"
            data-testid="title-test"
          >
            Test Title
          </h1>
          <div
            class="flex items-center gap-3 justify-center mx-4 px-2"
          >
            <button
              class="cursor-pointer"
              data-testid="btn-back-arrow-container"
              type="button"
            >
              <img
                alt="Back Arrow"
                class=""
                data-testid="icon-back-arrow"
                src="BackArrowIcon.svg"
              />
            </button>
            <p
              class="text-iw-textTertiary text-base font-medium"
              data-testid="subtitle-reset-passcode"
            >
              Test Subtitle
            </p>
          </div>
        </div>
        <div
          class="flex flex-col bg-white sm:rounded-lg sm:shadow-iw-pin-page-container items-center z-20 w-full max-w-[500px] mt-8 mb-4 mx-auto border-t border-iw-grayishBlue mx-8 sm:my:0"
          data-testid="passcode-inputs-container"
        >
          <div
            class="bg-iw-pink50 w-full px-3 sm:px-5 py-3 border-t sm:rounded-t-lg"
            data-testid="error-passcode"
          >
            <div
              class="flex items-start justify-between gap-2 max-w-[560px] mx-auto"
            >
              <div
                class="flex-1 pr-2"
              >
                <span
                  class="text-sm text-iw-darkRed break-words whitespace-normal"
                >
                  Test Error
                </span>
              </div>
              <div
                class="flex-shrink-0"
              >
                <button
                  class="cursor-pointer"
                  data-testid="btn-close-icon-container"
                  type="button"
                >
                  <svg
                    class="min-w-[26px] min-h-[26px] mt-1.5 sm:mt-2 text-iw-darkRed"
                    data-testid="icon-close"
                    fill="currentColor"
                    viewBox="0 0 24 24"
                    xmlns="http://www.w3.org/2000/svg"
                  >
                    <path
                      clip-rule="evenodd"
                      d="M6.2 6.2a1 1 0 011.4 0L12 10.6l4.4-4.4a1 1 0 111.4 1.4L13.4 12l4.4 4.4a1 1 0 01-1.4 1.4L12 13.4l-4.4 4.4a1 1 0 11-1.4-1.4L10.6 12 6.2 7.6a1 1 0 010-1.4z"
                      fill-rule="evenodd"
                    />
                  </svg>
                </button>
              </div>
            </div>
          </div>
          <div
            class="w-full px-4 sm:px-8 py-3 sm:py-5 md:py-7 space-y-4 flex flex-col items-center"
          >
            <div
              data-testid="content"
            >
              Test Content
            </div>
          </div>
        </div>
      </div>
    </div>
  </div>
</DocumentFragment>
`;
